{"description":"","tags":[],"size":{"height":600,"width":800},"objects":[{"description":"","geometryType":"rectangle","labelerLogin":"dimon9896","tags":[],"classTitle":"rectangle","points":{"exterior":[[223,338],[288,420]],"interior":[]}},{"description":"","geometryType":"point","labelerLogin":"dimon9896","tags":[],"classTitle":"point","points":{"exterior":[[261,378]],"interior":[]}},{"description":"","geometryType":"rectangle","labelerLogin":"dimon9896","tags":[],"classTitle":"rectangle","points":{"exterior":[[308,334],[387,397]],"interior":[]}},{"description":"","geometryType":"point","labelerLogin":"dimon9896","tags":[],"classTitle":"point","points":{"exterior":[[345,368]],"interior":[]}},{"description":"","geometryType":"rectangle","labelerLogin":"dimon9896","tags":[],"classTitle":"rectangle","points":{"exterior":[[254,255],[314,288]],"interior":[]}},{"description":"","geometryType":"point","labelerLogin":"dimon9896","tags":[],"classTitle":"point","points":{"exterior":[[287,270]],"interior":[]}},{"description":"","geometryType":"rectangle","labelerLogin":"dimon9896","tags":[],"classTitle":"rectangle","points":{"exterior":[[157,207],[216,231]],"interior":[]}},{"description":"","geometryType":"point","labelerLogin":"dimon9896","tags":[],"classTitle":"point","points":{"exterior":[[189,219]],"interior":[]}},{"description":"","geometryType":"point","labelerLogin":"dimon9896","tags":[],"classTitle":"point","points":{"exterior":[[183,193]],"interior":[]}},{"description":"","geometryType":"point","labelerLogin":"dimon9896","tags":[],"classTitle":"point","points":{"exterior":[[226,215]],"interior":[]}}]}