{"description":"","tags":[],"size":{"height":600,"width":800},"objects":[{"description":"","geometryType":"rectangle","labelerLogin":"dimon9896","tags":[],"classTitle":"rectangle","points":{"exterior":[[470,353],[529,437]],"interior":[]}},{"description":"","geometryType":"point","labelerLogin":"dimon9896","tags":[],"classTitle":"point","points":{"exterior":[[495,403]],"interior":[]}},{"description":"","geometryType":"rectangle","labelerLogin":"dimon9896","tags":[],"classTitle":"rectangle","points":{"exterior":[[399,248],[434,291]],"interior":[]}},{"description":"","geometryType":"point","labelerLogin":"dimon9896","tags":[],"classTitle":"point","points":{"exterior":[[417,264]],"interior":[]}},{"description":"","geometryType":"rectangle","labelerLogin":"dimon9896","tags":[],"classTitle":"rectangle","points":{"exterior":[[446,236],[489,276]],"interior":[]}},{"description":"","geometryType":"point","labelerLogin":"dimon9896","tags":[],"classTitle":"point","points":{"exterior":[[466,255]],"interior":[]}},{"description":"","geometryType":"rectangle","labelerLogin":"dimon9896","tags":[],"classTitle":"rectangle","points":{"exterior":[[574,218],[617,250]],"interior":[]}},{"description":"","geometryType":"point","labelerLogin":"dimon9896","tags":[],"classTitle":"point","points":{"exterior":[[596,232]],"interior":[]}},{"description":"","geometryType":"rectangle","labelerLogin":"dimon9896","tags":[],"classTitle":"rectangle","points":{"exterior":[[409,196],[445,225]],"interior":[]}},{"description":"","geometryType":"point","labelerLogin":"dimon9896","tags":[],"classTitle":"point","points":{"exterior":[[426,210]],"interior":[]}},{"description":"","geometryType":"point","labelerLogin":"dimon9896","tags":[],"classTitle":"point","points":{"exterior":[[554,197]],"interior":[]}},{"description":"","geometryType":"point","labelerLogin":"dimon9896","tags":[],"classTitle":"point","points":{"exterior":[[549,202]],"interior":[]}},{"description":"","geometryType":"point","labelerLogin":"dimon9896","tags":[],"classTitle":"point","points":{"exterior":[[586,198]],"interior":[]}}]}