{"description":"","tags":[],"size":{"height":600,"width":800},"objects":[{"description":"","geometryType":"rectangle","labelerLogin":"dimon9896","tags":[],"classTitle":"rectangle","points":{"exterior":[[326,376],[394,455]],"interior":[]}},{"description":"","geometryType":"point","labelerLogin":"dimon9896","tags":[],"classTitle":"point","points":{"exterior":[[357,414]],"interior":[]}},{"description":"","geometryType":"rectangle","labelerLogin":"dimon9896","tags":[],"classTitle":"rectangle","points":{"exterior":[[259,253],[331,284]],"interior":[]}},{"description":"","geometryType":"rectangle","labelerLogin":"dimon9896","tags":[],"classTitle":"rectangle","points":{"exterior":[[269,257],[330,295]],"interior":[]}},{"description":"","geometryType":"point","labelerLogin":"dimon9896","tags":[],"classTitle":"point","points":{"exterior":[[298,277]],"interior":[]}},{"description":"","geometryType":"rectangle","labelerLogin":"dimon9896","tags":[],"classTitle":"rectangle","points":{"exterior":[[209,251],[255,288]],"interior":[]}},{"description":"","geometryType":"rectangle","labelerLogin":"dimon9896","tags":[],"classTitle":"rectangle","points":{"exterior":[[208,248],[257,287]],"interior":[]}},{"description":"","geometryType":"point","labelerLogin":"dimon9896","tags":[],"classTitle":"point","points":{"exterior":[[231,271]],"interior":[]}},{"description":"","geometryType":"rectangle","labelerLogin":"dimon9896","tags":[],"classTitle":"rectangle","points":{"exterior":[[212,206],[262,233]],"interior":[]}},{"description":"","geometryType":"point","labelerLogin":"dimon9896","tags":[],"classTitle":"point","points":{"exterior":[[241,221]],"interior":[]}}]}