{"description":"","tags":[],"size":{"height":600,"width":800},"objects":[{"description":"","geometryType":"rectangle","labelerLogin":"dimon9896","tags":[],"classTitle":"rectangle","points":{"exterior":[[525,339],[567,411]],"interior":[]}},{"description":"","geometryType":"point","labelerLogin":"dimon9896","tags":[],"classTitle":"point","points":{"exterior":[[548,375]],"interior":[]}},{"description":"","geometryType":"rectangle","labelerLogin":"dimon9896","tags":[],"classTitle":"rectangle","points":{"exterior":[[434,260],[481,314]],"interior":[]}},{"description":"","geometryType":"point","labelerLogin":"dimon9896","tags":[],"classTitle":"point","points":{"exterior":[[452,287]],"interior":[]}},{"description":"","geometryType":"rectangle","labelerLogin":"dimon9896","tags":[],"classTitle":"rectangle","points":{"exterior":[[490,264],[538,307]],"interior":[]}},{"description":"","geometryType":"point","labelerLogin":"dimon9896","tags":[],"classTitle":"point","points":{"exterior":[[511,289]],"interior":[]}},{"description":"","geometryType":"rectangle","labelerLogin":"dimon9896","tags":[],"classTitle":"rectangle","points":{"exterior":[[158,333],[179,408]],"interior":[]}},{"description":"","geometryType":"rectangle","labelerLogin":"dimon9896","tags":[],"classTitle":"rectangle","points":{"exterior":[[150,338],[187,398]],"interior":[]}},{"description":"","geometryType":"point","labelerLogin":"dimon9896","tags":[],"classTitle":"point","points":{"exterior":[[168,368]],"interior":[]}},{"description":"","geometryType":"rectangle","labelerLogin":"dimon9896","tags":[],"classTitle":"rectangle","points":{"exterior":[[208,267],[234,315]],"interior":[]}},{"description":"","geometryType":"point","labelerLogin":"dimon9896","tags":[],"classTitle":"point","points":{"exterior":[[219,291]],"interior":[]}},{"description":"","geometryType":"rectangle","labelerLogin":"dimon9896","tags":[],"classTitle":"rectangle","points":{"exterior":[[263,267],[299,306]],"interior":[]}},{"description":"","geometryType":"point","labelerLogin":"dimon9896","tags":[],"classTitle":"point","points":{"exterior":[[285,284]],"interior":[]}},{"description":"","geometryType":"rectangle","labelerLogin":"dimon9896","tags":[],"classTitle":"rectangle","points":{"exterior":[[445,222],[485,251]],"interior":[]}},{"description":"","geometryType":"point","labelerLogin":"dimon9896","tags":[],"classTitle":"point","points":{"exterior":[[467,235]],"interior":[]}},{"description":"","geometryType":"point","labelerLogin":"dimon9896","tags":[],"classTitle":"point","points":{"exterior":[[276,235]],"interior":[]}}]}