{"description":"","tags":[],"size":{"height":600,"width":800},"objects":[{"description":"","geometryType":"rectangle","labelerLogin":"dimon9896","tags":[],"classTitle":"rectangle","points":{"exterior":[[372,360],[434,437]],"interior":[]}},{"description":"","geometryType":"point","labelerLogin":"dimon9896","tags":[],"classTitle":"point","points":{"exterior":[[401,397]],"interior":[]}},{"description":"","geometryType":"rectangle","labelerLogin":"dimon9896","tags":[],"classTitle":"rectangle","points":{"exterior":[[305,232],[343,285]],"interior":[]}},{"description":"","geometryType":"point","labelerLogin":"dimon9896","tags":[],"classTitle":"point","points":{"exterior":[[324,257]],"interior":[]}},{"description":"","geometryType":"rectangle","labelerLogin":"dimon9896","tags":[],"classTitle":"rectangle","points":{"exterior":[[348,229],[402,280]],"interior":[]}},{"description":"","geometryType":"point","labelerLogin":"dimon9896","tags":[],"classTitle":"point","points":{"exterior":[[380,257]],"interior":[]}},{"description":"","geometryType":"rectangle","labelerLogin":"dimon9896","tags":[],"classTitle":"rectangle","points":{"exterior":[[317,193],[357,219]],"interior":[]}},{"description":"","geometryType":"point","labelerLogin":"dimon9896","tags":[],"classTitle":"point","points":{"exterior":[[337,205]],"interior":[]}},{"description":"","geometryType":"point","labelerLogin":"dimon9896","tags":[],"classTitle":"point","points":{"exterior":[[268,175]],"interior":[]}},{"description":"","geometryType":"point","labelerLogin":"dimon9896","tags":[],"classTitle":"point","points":{"exterior":[[287,160]],"interior":[]}},{"description":"","geometryType":"point","labelerLogin":"dimon9896","tags":[],"classTitle":"point","points":{"exterior":[[342,177]],"interior":[]}},{"description":"","geometryType":"point","labelerLogin":"dimon9896","tags":[],"classTitle":"point","points":{"exterior":[[368,178]],"interior":[]}},{"description":"","geometryType":"point","labelerLogin":"dimon9896","tags":[],"classTitle":"point","points":{"exterior":[[366,162]],"interior":[]}},{"description":"","geometryType":"point","labelerLogin":"dimon9896","tags":[],"classTitle":"point","points":{"exterior":[[266,162]],"interior":[]}}]}